Warning[W1001] at 293:3: Unused variable 'd_ln1_mean'
  help: prefix with underscore to suppress -- replace with `_d_ln1_mean`
Warning[W1001] at 295:3: Unused variable 'd_ln1_rstd'
  help: prefix with underscore to suppress -- replace with `_d_ln1_rstd`
Warning[W1001] at 311:3: Unused variable 'd_ln2_mean'
  help: prefix with underscore to suppress -- replace with `_d_ln2_mean`
Warning[W1001] at 313:3: Unused variable 'd_ln2_rstd'
  help: prefix with underscore to suppress -- replace with `_d_ln2_rstd`
Warning[W1001] at 331:3: Unused variable 'd_probs'
  help: prefix with underscore to suppress -- replace with `_d_probs`
[flat-codegen] emitted module via the flat path
LibDevice path: /opt/cuda/nvvm/libdevice/libdevice.10.bc does not exist or is not a file.

[JIT] Translating to LLVM IR...
[JIT] Optimizing LLVM IR (-O3)...
[JIT] Compiling to native object (-O3)...
[JIT] Linking native executable...
[JIT] Executing native binary...
[GPT-2 on GPU, train]
step 0: train loss 10.824956 (took 1046.3066101074219 ms)
  forward 449.0513801574707 ms, attention 126.44648551940918 ms; backward 526.3228416442871 ms, attention 193.04442405700684 ms; cuBLAS in both 312.4964237213135 ms
step 1: train loss 10.82474 (took 830.0220966339111 ms)
  forward 314.39948081970215 ms, attention 113.53111267089844 ms; backward 479.89892959594727 ms, attention 189.711332321167 ms; cuBLAS in both 225.60739517211914 ms
step 2: train loss 10.824699 (took 847.0687866210938 ms)
  forward 324.97549057006836 ms, attention 116.8520450592041 ms; backward 486.6337776184082 ms, attention 191.96105003356934 ms; cuBLAS in both 230.5278778076172 ms
step 3: train loss 10.824813 (took 859.0755462646484 ms)
  forward 331.53796195983887 ms, attention 121.62327766418457 ms; backward 491.83201789855957 ms, attention 194.24843788146973 ms; cuBLAS in both 231.68230056762695 ms
step 4: train loss 10.825045 (took 846.1334705352783 ms)
  forward 330.3525447845459 ms, attention 120.87297439575195 ms; backward 479.9625873565674 ms, attention 192.1212673187256 ms; cuBLAS in both 224.03812408447266 ms

[Vx CUDA] staging 154533888 bytes onto topology 500 as device memory, but the program's machine model says the host may read that space (`managed:` is absent or `cached`).
  Nothing here can honour that: this is cudaMalloc memory. A host read of it -- `print` on the result, most likely -- will fault.
  Declare the space `managed: explicit` and the compiler will require the transfer home, or keep the operands in a space the host can read.
