Warning[W1001] at 303:3: Unused variable 'd_ln1_mean'
  help: prefix with underscore to suppress -- replace with `_d_ln1_mean`
Warning[W1001] at 305:3: Unused variable 'd_ln1_rstd'
  help: prefix with underscore to suppress -- replace with `_d_ln1_rstd`
Warning[W1001] at 321:3: Unused variable 'd_ln2_mean'
  help: prefix with underscore to suppress -- replace with `_d_ln2_mean`
Warning[W1001] at 323:3: Unused variable 'd_ln2_rstd'
  help: prefix with underscore to suppress -- replace with `_d_ln2_rstd`
Warning[W1001] at 341:3: Unused variable 'd_probs'
  help: prefix with underscore to suppress -- replace with `_d_probs`
[flat-codegen] emitted module via the flat path
LibDevice path: /opt/cuda/nvvm/libdevice/libdevice.10.bc does not exist or is not a file.

[JIT] Translating to LLVM IR...
[JIT] Optimizing LLVM IR (-O3)...
[JIT] Compiling to native object (-O3)...
[JIT] Linking native executable...
[JIT] Executing native binary...
[GPT-2 on GPU, train]
step 0: train loss 10.82496 (took 709.8350524902344 ms)
  forward 321.3465213775635 ms, attention 70.90091705322266 ms; backward 338.0458354949951 ms, attention 83.13822746276855 ms; cuBLAS in both 335.9956741333008 ms
step 1: train loss 10.8247385 (took 534.7366333007813 ms)
  forward 201.39718055725098 ms, attention 63.44246864318848 ms; backward 311.6579055786133 ms, attention 80.72161674499512 ms; cuBLAS in both 246.69170379638672 ms
step 2: train loss 10.8247 (took 544.1477298736572 ms)
  forward 200.94561576843262 ms, attention 63.57383728027344 ms; backward 321.6369152069092 ms, attention 82.77702331542969 ms; cuBLAS in both 251.99532508850098 ms
step 3: train loss 10.824817 (took 542.1373844146729 ms)
  forward 203.7489414215088 ms, attention 63.72237205505371 ms; backward 316.35379791259766 ms, attention 81.97331428527832 ms; cuBLAS in both 251.10721588134766 ms
step 4: train loss 10.825046 (took 549.7443675994873 ms)
  forward 203.72509956359863 ms, attention 63.66157531738281 ms; backward 324.476957321167 ms, attention 82.33928680419922 ms; cuBLAS in both 258.42976570129395 ms

[Vx CUDA] staging 154533888 bytes onto topology 500 as device memory, but the program's machine model says the host may read that space (`managed:` is absent or `cached`).
  Nothing here can honour that: this is cudaMalloc memory. A host read of it -- `print` on the result, most likely -- will fault.
  Declare the space `managed: explicit` and the compiler will require the transfer home, or keep the operands in a space the host can read.
